Copyright 1986-2022 Xilinx, Inc. All Rights Reserved. Copyright 2022-2025 Advanced Micro Devices, Inc. All Rights Reserved.
---------------------------------------------------------------------------------------------------------------------------------------------
| Tool Version : Vivado v.2025.1 (win64) Build 6140274 Thu May 22 00:12:29 MDT 2025
| Date         : Fri Jan  2 15:53:39 2026
| Host         : AryanHPLaptop running 64-bit major release  (build 9200)
| Command      : report_control_sets -verbose -file top_control_sets_placed.rpt
| Design       : top
| Device       : xc7s50
---------------------------------------------------------------------------------------------------------------------------------------------

Control Set Information

Table of Contents
-----------------
1. Summary
2. Histogram
3. Flip-Flop Distribution
4. Detailed Control Set Information

1. Summary
----------

+----------------------------------------------------------+-------+
|                          Status                          | Count |
+----------------------------------------------------------+-------+
| Total control sets                                       |     7 |
|    Minimum number of control sets                        |     7 |
|    Addition due to synthesis replication                 |     0 |
|    Addition due to physical synthesis replication        |     0 |
| Unused register locations in slices containing registers |    12 |
+----------------------------------------------------------+-------+
* Control sets can be merged at opt_design using control_set_merge or merge_equivalent_drivers
** Run report_qor_suggestions for automated merging and remapping suggestions


2. Histogram
------------

+--------------------+-------+
|       Fanout       | Count |
+--------------------+-------+
| Total control sets |     7 |
| >= 0 to < 4        |     0 |
| >= 4 to < 6        |     0 |
| >= 6 to < 8        |     0 |
| >= 8 to < 10       |     4 |
| >= 10 to < 12      |     1 |
| >= 12 to < 14      |     0 |
| >= 14 to < 16      |     0 |
| >= 16              |     2 |
+--------------------+-------+
* Control sets can be remapped at either synth_design or opt_design


3. Flip-Flop Distribution
-------------------------

+--------------+-----------------------+------------------------+-----------------+--------------+
| Clock Enable | Synchronous Set/Reset | Asynchronous Set/Reset | Total Registers | Total Slices |
+--------------+-----------------------+------------------------+-----------------+--------------+
| No           | No                    | No                     |               0 |            0 |
| No           | No                    | Yes                    |             312 |          128 |
| No           | Yes                   | No                     |             116 |           50 |
| Yes          | No                    | No                     |               0 |            0 |
| Yes          | No                    | Yes                    |             184 |           90 |
| Yes          | Yes                   | No                     |              32 |           13 |
+--------------+-----------------------+------------------------+-----------------+--------------+


4. Detailed Control Set Information
-----------------------------------

+----------------+-------------------------------------+------------------+------------------+----------------+--------------+
|  Clock Signal  |            Enable Signal            | Set/Reset Signal | Slice Load Count | Bel Load Count | Bels / Slice |
+----------------+-------------------------------------+------------------+------------------+----------------+--------------+
|  clk_IBUF_BUFG | conv_block3/sum_valid               | kern_buf/n_rst   |                4 |              8 |         2.00 |
|  clk_IBUF_BUFG | conv_block2/sum_valid               | kern_buf/n_rst   |                3 |              8 |         2.67 |
|  clk_IBUF_BUFG | conv_block1/sum_valid               | kern_buf/n_rst   |                3 |              8 |         2.67 |
|  clk_IBUF_BUFG | conv_block4/sum_valid               | kern_buf/n_rst   |                3 |              8 |         2.67 |
|  clk_IBUF_BUFG | control/FSM_onehot_state[9]_i_1_n_0 | kern_buf/n_rst   |                4 |             10 |         2.50 |
|  clk_IBUF_BUFG | kern_buf/kernel_wen                 | kern_buf/n_rst   |               86 |            174 |         2.02 |
|  clk_IBUF_BUFG |                                     | kern_buf/n_rst   |              178 |            428 |         2.40 |
+----------------+-------------------------------------+------------------+------------------+----------------+--------------+


